   IdentifierName (Kwd(Export)                                                 ) (0, 0; 0)    -> (0, 6; 6)    [export]
       Whitespace (None                                                        ) (0, 6; 6)    -> (0, 7; 7)    [ ]
   IdentifierName (Kwd(Class)                                                  ) (0, 7; 7)    -> (0, 12; 12)  [class]
       Whitespace (None                                                        ) (0, 12; 12)  -> (0, 13; 13)  [ ]
   IdentifierName (None                                                        ) (0, 13; 13)  -> (0, 19; 19)  [Wuzzle]
       Whitespace (None                                                        ) (0, 19; 19)  -> (0, 20; 20)  [ ]
   IdentifierName (Kwd(Extends)                                                ) (0, 20; 20)  -> (0, 27; 27)  [extends]
       Whitespace (None                                                        ) (0, 27; 27)  -> (0, 28; 28)  [ ]
   IdentifierName (None                                                        ) (0, 28; 28)  -> (0, 34; 34)  [Woozle]
       Whitespace (None                                                        ) (0, 34; 34)  -> (0, 35; 35)  [ ]
       Punctuator (Op(LBrace)                                                  ) (0, 35; 35)  -> (0, 36; 36)  [{]
          Newline (None                                                        ) (0, 36; 36)  -> (1, 0; 37)   [\n]
       Punctuator (Op(RBrace)                                                  ) (1, 0; 37)   -> (1, 1; 38)   [}]
          Newline (None                                                        ) (1, 1; 38)   -> (2, 0; 39)   [\n]
          Newline (None                                                        ) (2, 0; 39)   -> (3, 0; 40)   [\n]
   IdentifierName (Kwd(Export)                                                 ) (3, 0; 40)   -> (3, 6; 46)   [export]
       Whitespace (None                                                        ) (3, 6; 46)   -> (3, 7; 47)   [ ]
   IdentifierName (Kwd(Function)                                               ) (3, 7; 47)   -> (3, 15; 55)  [function]
       Whitespace (None                                                        ) (3, 15; 55)  -> (3, 16; 56)  [ ]
   IdentifierName (None                                                        ) (3, 16; 56)  -> (3, 19; 59)  [foo]
       Punctuator (Op(LParen)                                                  ) (3, 19; 59)  -> (3, 20; 60)  [(]
       Punctuator (Op(RParen)                                                  ) (3, 20; 60)  -> (3, 21; 61)  [)]
       Whitespace (None                                                        ) (3, 21; 61)  -> (3, 22; 62)  [ ]
       Punctuator (Op(LBrace)                                                  ) (3, 22; 62)  -> (3, 23; 63)  [{]
          Newline (None                                                        ) (3, 23; 63)  -> (4, 0; 64)   [\n]
       Whitespace (None                                                        ) (4, 0; 64)   -> (4, 4; 68)   [    ]
   IdentifierName (None                                                        ) (4, 4; 68)   -> (4, 7; 71)   [let]
       Whitespace (None                                                        ) (4, 7; 71)   -> (4, 8; 72)   [ ]
   IdentifierName (None                                                        ) (4, 8; 72)   -> (4, 9; 73)   [x]
       Whitespace (None                                                        ) (4, 9; 73)   -> (4, 10; 74)  [ ]
       Punctuator (Op(Assign)                                                  ) (4, 10; 74)  -> (4, 11; 75)  [=]
       Whitespace (None                                                        ) (4, 11; 75)  -> (4, 12; 76)  [ ]
          Literal (Integer(4)                                                  ) (4, 12; 76)  -> (4, 13; 77)  [4]
       Punctuator (Op(Semicolon)                                               ) (4, 13; 77)  -> (4, 14; 78)  [;]
          Newline (None                                                        ) (4, 14; 78)  -> (5, 0; 79)   [\n]
       Whitespace (None                                                        ) (5, 0; 79)   -> (5, 4; 83)   [    ]
   IdentifierName (Kwd(Const)                                                  ) (5, 4; 83)   -> (5, 9; 88)   [const]
       Whitespace (None                                                        ) (5, 9; 88)   -> (5, 10; 89)  [ ]
   IdentifierName (None                                                        ) (5, 10; 89)  -> (5, 12; 91)  [Pi]
       Whitespace (None                                                        ) (5, 12; 91)  -> (5, 13; 92)  [ ]
       Punctuator (Op(Assign)                                                  ) (5, 13; 92)  -> (5, 14; 93)  [=]
       Whitespace (None                                                        ) (5, 14; 93)  -> (5, 15; 94)  [ ]
          Comment (None                                                        ) (5, 15; 94)  -> (5, 28; 107) [/* exactly */]
       Whitespace (None                                                        ) (5, 28; 107) -> (5, 29; 108) [ ]
          Literal (Float(3)                                                    ) (5, 29; 108) -> (5, 39; 118) [3.00000000]
       Punctuator (Op(Semicolon)                                               ) (5, 39; 118) -> (5, 40; 119) [;]
          Newline (None                                                        ) (5, 40; 119) -> (6, 0; 120)  [\n]
       Whitespace (None                                                        ) (6, 0; 120)  -> (6, 4; 124)  [    ]
   IdentifierName (Kwd(With)                                                   ) (6, 4; 124)  -> (6, 8; 128)  [with]
       Whitespace (None                                                        ) (6, 8; 128)  -> (6, 9; 129)  [ ]
   IdentifierName (None                                                        ) (6, 9; 129)  -> (6, 12; 132) [bar]
       Whitespace (None                                                        ) (6, 12; 132) -> (6, 13; 133) [ ]
       Punctuator (Op(LBrace)                                                  ) (6, 13; 133) -> (6, 14; 134) [{]
          Newline (None                                                        ) (6, 14; 134) -> (7, 0; 135)  [\n]
       Whitespace (None                                                        ) (7, 0; 135)  -> (7, 8; 143)  [        ]
   IdentifierName (Kwd(Yield)                                                  ) (7, 8; 143)  -> (7, 13; 148) [yield]
       Whitespace (None                                                        ) (7, 13; 148) -> (7, 14; 149) [ ]
   IdentifierName (None                                                        ) (7, 14; 149) -> (7, 17; 152) [baz]
       Punctuator (Op(Semicolon)                                               ) (7, 17; 152) -> (7, 18; 153) [;]
          Newline (None                                                        ) (7, 18; 153) -> (8, 0; 154)  [\n]
       Whitespace (None                                                        ) (8, 0; 154)  -> (8, 4; 158)  [    ]
       Punctuator (Op(RBrace)                                                  ) (8, 4; 158)  -> (8, 5; 159)  [}]
          Newline (None                                                        ) (8, 5; 159)  -> (9, 0; 160)  [\n]
          Newline (None                                                        ) (9, 0; 160)  -> (10, 0; 161) [\n]
       Whitespace (None                                                        ) (10, 0; 161) -> (10, 4; 165) [    ]
   IdentifierName (Kwd(Do)                                                     ) (10, 4; 165) -> (10, 6; 167) [do]
       Whitespace (None                                                        ) (10, 6; 167) -> (10, 7; 168) [ ]
       Punctuator (Op(LBrace)                                                  ) (10, 7; 168) -> (10, 8; 169) [{]
          Newline (None                                                        ) (10, 8; 169) -> (11, 0; 170) [\n]
       Whitespace (None                                                        ) (11, 0; 170) -> (11, 8; 178) [        ]
   IdentifierName (Kwd(If)                                                     ) (11, 8; 178) -> (11, 10; 180) [if]
       Punctuator (Op(LParen)                                                  ) (11, 10; 180) -> (11, 11; 181) [(]
       Punctuator (Op(Not)                                                     ) (11, 11; 181) -> (11, 12; 182) [!]
   IdentifierName (None                                                        ) (11, 12; 182) -> (11, 17; 187) [false]
       Punctuator (Op(RParen)                                                  ) (11, 17; 187) -> (11, 18; 188) [)]
       Whitespace (None                                                        ) (11, 18; 188) -> (11, 19; 189) [ ]
       Punctuator (Op(LBrace)                                                  ) (11, 19; 189) -> (11, 20; 190) [{]
          Newline (None                                                        ) (11, 20; 190) -> (12, 0; 191) [\n]
       Whitespace (None                                                        ) (12, 0; 191) -> (12, 12; 203) [            ]
   IdentifierName (Kwd(Break)                                                  ) (12, 12; 203) -> (12, 17; 208) [break]
          Newline (None                                                        ) (12, 17; 208) -> (13, 0; 209) [\n]
       Whitespace (None                                                        ) (13, 0; 209) -> (13, 8; 217) [        ]
       Punctuator (Op(RBrace)                                                  ) (13, 8; 217) -> (13, 9; 218) [}]
          Newline (None                                                        ) (13, 9; 218) -> (14, 0; 219) [\n]
       Whitespace (None                                                        ) (14, 0; 219) -> (14, 4; 223) [    ]
       Punctuator (Op(RBrace)                                                  ) (14, 4; 223) -> (14, 5; 224) [}]
       Whitespace (None                                                        ) (14, 5; 224) -> (14, 6; 225) [ ]
   IdentifierName (Kwd(While)                                                  ) (14, 6; 225) -> (14, 11; 230) [while]
       Punctuator (Op(LParen)                                                  ) (14, 11; 230) -> (14, 12; 231) [(]
   IdentifierName (None                                                        ) (14, 12; 231) -> (14, 16; 235) [true]
       Punctuator (Op(RParen)                                                  ) (14, 16; 235) -> (14, 17; 236) [)]
       Punctuator (Op(Semicolon)                                               ) (14, 17; 236) -> (14, 18; 237) [;]
          Newline (None                                                        ) (14, 18; 237) -> (15, 0; 238) [\n]
          Newline (None                                                        ) (15, 0; 238) -> (16, 0; 239) [\n]
       Whitespace (None                                                        ) (16, 0; 239) -> (16, 4; 243) [    ]
   IdentifierName (Kwd(Try)                                                    ) (16, 4; 243) -> (16, 7; 246) [try]
       Whitespace (None                                                        ) (16, 7; 246) -> (16, 8; 247) [ ]
       Punctuator (Op(LBrace)                                                  ) (16, 8; 247) -> (16, 9; 248) [{]
          Newline (None                                                        ) (16, 9; 248) -> (17, 0; 249) [\n]
       Whitespace (None                                                        ) (17, 0; 249) -> (17, 8; 257) [        ]
   IdentifierName (None                                                        ) (17, 8; 257) -> (17, 12; 261) [bloz]
       Punctuator (Op(LParen)                                                  ) (17, 12; 261) -> (17, 13; 262) [(]
       Punctuator (Op(RParen)                                                  ) (17, 13; 262) -> (17, 14; 263) [)]
       Punctuator (Op(Semicolon)                                               ) (17, 14; 263) -> (17, 15; 264) [;]
          Newline (None                                                        ) (17, 15; 264) -> (18, 0; 265) [\n]
       Whitespace (None                                                        ) (18, 0; 265) -> (18, 8; 273) [        ]
   IdentifierName (Kwd(Super)                                                  ) (18, 8; 273) -> (18, 13; 278) [super]
       Punctuator (Op(Dot)                                                     ) (18, 13; 278) -> (18, 14; 279) [.]
   IdentifierName (None                                                        ) (18, 14; 279) -> (18, 18; 283) [flob]
       Punctuator (Op(LParen)                                                  ) (18, 18; 283) -> (18, 19; 284) [(]
   IdentifierName (Kwd(TypeOf)                                                 ) (18, 19; 284) -> (18, 25; 290) [typeof]
       Punctuator (Op(LParen)                                                  ) (18, 25; 290) -> (18, 26; 291) [(]
   IdentifierName (None                                                        ) (18, 26; 291) -> (18, 32; 297) [Number]
       Punctuator (Op(RParen)                                                  ) (18, 32; 297) -> (18, 33; 298) [)]
       Punctuator (Op(RParen)                                                  ) (18, 33; 298) -> (18, 34; 299) [)]
       Punctuator (Op(Semicolon)                                               ) (18, 34; 299) -> (18, 35; 300) [;]
          Newline (None                                                        ) (18, 35; 300) -> (19, 0; 301) [\n]
       Whitespace (None                                                        ) (19, 0; 301) -> (19, 4; 305) [    ]
       Punctuator (Op(RBrace)                                                  ) (19, 4; 305) -> (19, 5; 306) [}]
       Whitespace (None                                                        ) (19, 5; 306) -> (19, 6; 307) [ ]
   IdentifierName (Kwd(Catch)                                                  ) (19, 6; 307) -> (19, 11; 312) [catch]
       Whitespace (None                                                        ) (19, 11; 312) -> (19, 12; 313) [ ]
       Punctuator (Op(LBrace)                                                  ) (19, 12; 313) -> (19, 13; 314) [{]
          Newline (None                                                        ) (19, 13; 314) -> (20, 0; 315) [\n]
       Whitespace (None                                                        ) (20, 0; 315) -> (20, 8; 323) [        ]
   IdentifierName (Kwd(Debugger)                                               ) (20, 8; 323) -> (20, 16; 331) [debugger]
       Punctuator (Op(Semicolon)                                               ) (20, 16; 331) -> (20, 17; 332) [;]
          Newline (None                                                        ) (20, 17; 332) -> (21, 0; 333) [\n]
       Whitespace (None                                                        ) (21, 0; 333) -> (21, 4; 337) [    ]
       Punctuator (Op(RBrace)                                                  ) (21, 4; 337) -> (21, 5; 338) [}]
       Whitespace (None                                                        ) (21, 5; 338) -> (21, 6; 339) [ ]
   IdentifierName (Kwd(Finally)                                                ) (21, 6; 339) -> (21, 13; 346) [finally]
       Whitespace (None                                                        ) (21, 13; 346) -> (21, 14; 347) [ ]
       Punctuator (Op(LBrace)                                                  ) (21, 14; 347) -> (21, 15; 348) [{]
          Newline (None                                                        ) (21, 15; 348) -> (22, 0; 349) [\n]
       Whitespace (None                                                        ) (22, 0; 349) -> (22, 8; 357) [        ]
   IdentifierName (Kwd(Delete)                                                 ) (22, 8; 357) -> (22, 14; 363) [delete]
       Whitespace (None                                                        ) (22, 14; 363) -> (22, 15; 364) [ ]
   IdentifierName (Kwd(Super)                                                  ) (22, 15; 364) -> (22, 20; 369) [super]
       Punctuator (Op(Dot)                                                     ) (22, 20; 369) -> (22, 21; 370) [.]
   IdentifierName (None                                                        ) (22, 21; 370) -> (22, 27; 376) [wobble]
       Punctuator (Op(Semicolon)                                               ) (22, 27; 376) -> (22, 28; 377) [;]
          Newline (None                                                        ) (22, 28; 377) -> (23, 0; 378) [\n]
       Whitespace (None                                                        ) (23, 0; 378) -> (23, 4; 382) [    ]
       Punctuator (Op(RBrace)                                                  ) (23, 4; 382) -> (23, 5; 383) [}]
          Newline (None                                                        ) (23, 5; 383) -> (24, 0; 384) [\n]
          Newline (None                                                        ) (24, 0; 384) -> (25, 0; 385) [\n]
       Whitespace (None                                                        ) (25, 0; 385) -> (25, 4; 389) [    ]
   IdentifierName (Kwd(If)                                                     ) (25, 4; 389) -> (25, 6; 391) [if]
       Punctuator (Op(LParen)                                                  ) (25, 6; 391) -> (25, 7; 392) [(]
   IdentifierName (None                                                        ) (25, 7; 392) -> (25, 10; 395) [biz]
       Whitespace (None                                                        ) (25, 10; 395) -> (25, 11; 396) [ ]
   IdentifierName (Kwd(InstanceOf)                                             ) (25, 11; 396) -> (25, 21; 406) [instanceof]
       Whitespace (None                                                        ) (25, 21; 406) -> (25, 22; 407) [ ]
   IdentifierName (None                                                        ) (25, 22; 407) -> (25, 28; 413) [Object]
       Punctuator (Op(RParen)                                                  ) (25, 28; 413) -> (25, 29; 414) [)]
       Whitespace (None                                                        ) (25, 29; 414) -> (25, 30; 415) [ ]
       Punctuator (Op(LBrace)                                                  ) (25, 30; 415) -> (25, 31; 416) [{]
          Newline (None                                                        ) (25, 31; 416) -> (26, 0; 417) [\n]
       Whitespace (None                                                        ) (26, 0; 417) -> (26, 8; 425) [        ]
   IdentifierName (Kwd(Throw)                                                  ) (26, 8; 425) -> (26, 13; 430) [throw]
       Whitespace (None                                                        ) (26, 13; 430) -> (26, 14; 431) [ ]
          Literal (String("Nope")                                              ) (26, 14; 431) -> (26, 20; 437) [\"Nope\"]
       Punctuator (Op(Semicolon)                                               ) (26, 20; 437) -> (26, 21; 438) [;]
          Newline (None                                                        ) (26, 21; 438) -> (27, 0; 439) [\n]
       Whitespace (None                                                        ) (27, 0; 439) -> (27, 4; 443) [    ]
       Punctuator (Op(RBrace)                                                  ) (27, 4; 443) -> (27, 5; 444) [}]
       Whitespace (None                                                        ) (27, 5; 444) -> (27, 6; 445) [ ]
   IdentifierName (Kwd(Else)                                                   ) (27, 6; 445) -> (27, 10; 449) [else]
       Whitespace (None                                                        ) (27, 10; 449) -> (27, 11; 450) [ ]
       Punctuator (Op(LBrace)                                                  ) (27, 11; 450) -> (27, 12; 451) [{]
          Newline (None                                                        ) (27, 12; 451) -> (28, 0; 452) [\n]
       Whitespace (None                                                        ) (28, 0; 452) -> (28, 8; 460) [        ]
   IdentifierName (Kwd(This)                                                   ) (28, 8; 460) -> (28, 12; 464) [this]
       Punctuator (Op(Dot)                                                     ) (28, 12; 464) -> (28, 13; 465) [.]
   IdentifierName (None                                                        ) (28, 13; 465) -> (28, 16; 468) [yep]
       Punctuator (Op(LParen)                                                  ) (28, 16; 468) -> (28, 17; 469) [(]
       Punctuator (Op(RParen)                                                  ) (28, 17; 469) -> (28, 18; 470) [)]
       Punctuator (Op(Semicolon)                                               ) (28, 18; 470) -> (28, 19; 471) [;]
          Newline (None                                                        ) (28, 19; 471) -> (29, 0; 472) [\n]
       Whitespace (None                                                        ) (29, 0; 472) -> (29, 4; 476) [    ]
       Punctuator (Op(RBrace)                                                  ) (29, 4; 476) -> (29, 5; 477) [}]
          Newline (None                                                        ) (29, 5; 477) -> (30, 0; 478) [\n]
       Whitespace (None                                                        ) (30, 0; 478) -> (30, 4; 482) [    ]
   IdentifierName (Kwd(Return)                                                 ) (30, 4; 482) -> (30, 10; 488) [return]
       Whitespace (None                                                        ) (30, 10; 488) -> (30, 11; 489) [ ]
          Literal (Integer(42)                                                 ) (30, 11; 489) -> (30, 13; 491) [42]
       Punctuator (Op(Semicolon)                                               ) (30, 13; 491) -> (30, 14; 492) [;]
          Newline (None                                                        ) (30, 14; 492) -> (31, 0; 493) [\n]
       Punctuator (Op(RBrace)                                                  ) (31, 0; 493) -> (31, 1; 494) [}]
          Newline (None                                                        ) (31, 1; 494) -> (32, 0; 495) [\n]