          Comment (None                                                        ) (0, 0; 0)    -> (0, 32; 32)  [// This is a single line comment]
          Newline (None                                                        ) (0, 32; 32)  -> (1, 0; 33)   [\n]
          Newline (None                                                        ) (1, 0; 33)   -> (2, 0; 34)   [\n]
   IdentifierName (Kwd(Var)                                                    ) (2, 0; 34)   -> (2, 3; 37)   [var]
       Whitespace (None                                                        ) (2, 3; 37)   -> (2, 4; 38)   [ ]
   IdentifierName (None                                                        ) (2, 4; 38)   -> (2, 7; 41)   [foo]
       Whitespace (None                                                        ) (2, 7; 41)   -> (2, 8; 42)   [ ]
       Punctuator (Op(Assign)                                                  ) (2, 8; 42)   -> (2, 9; 43)   [=]
       Whitespace (None                                                        ) (2, 9; 43)   -> (2, 10; 44)  [ ]
          Comment (None                                                        ) (2, 10; 44)  -> (2, 35; 69)  [/* here comes a three! */]
       Whitespace (None                                                        ) (2, 35; 69)  -> (2, 36; 70)  [ ]
          Literal (Integer(3)                                                  ) (2, 36; 70)  -> (2, 37; 71)  [3]
       Punctuator (Op(Semicolon)                                               ) (2, 37; 71)  -> (2, 38; 72)  [;]
          Newline (None                                                        ) (2, 38; 72)  -> (3, 0; 73)   [\n]
          Newline (None                                                        ) (3, 0; 73)   -> (4, 0; 74)   [\n]
   IdentifierName (Kwd(Var)                                                    ) (4, 0; 74)   -> (4, 3; 77)   [var]
       Whitespace (None                                                        ) (4, 3; 77)   -> (4, 4; 78)   [ ]
   IdentifierName (None                                                        ) (4, 4; 78)   -> (4, 7; 81)   [bar]
       Whitespace (None                                                        ) (4, 7; 81)   -> (4, 8; 82)   [ ]
       Punctuator (Op(Assign)                                                  ) (4, 8; 82)   -> (4, 9; 83)   [=]
       Whitespace (None                                                        ) (4, 9; 83)   -> (4, 10; 84)  [ ]
 MultiLineComment (None                                                        ) (4, 10; 84)  -> (6, 31; 199) [/* This comment spans a bunch of lines\n           * it cannot be /* nested so don\'t\n           * even try buddy. */]
          Newline (None                                                        ) (6, 31; 199) -> (7, 0; 200)  [\n]
       Whitespace (None                                                        ) (7, 0; 200)  -> (7, 10; 210) [          ]
   IdentifierName (None                                                        ) (7, 10; 210) -> (7, 13; 213) [baz]
       Punctuator (Op(Semicolon)                                               ) (7, 13; 213) -> (7, 14; 214) [;]
          Newline (None                                                        ) (7, 14; 214) -> (8, 0; 215)  [\n]