Token { kind: Literal, start: TextLocation { line: 0, column: 0, offset: 0 }, end: TextLocation { line: 0, column: 1, offset: 1 }, text: Tendril<UTF8>(inline: "1"), value: Integer(1) }
Token { kind: Whitespace, start: TextLocation { line: 0, column: 1, offset: 1 }, end: TextLocation { line: 0, column: 2, offset: 2 }, text: Tendril<UTF8>(inline: " "), value: None }
Token { kind: Punctuator, start: TextLocation { line: 0, column: 2, offset: 2 }, end: TextLocation { line: 0, column: 3, offset: 3 }, text: Tendril<UTF8>(inline: "+"), value: None }
Token { kind: Whitespace, start: TextLocation { line: 0, column: 3, offset: 3 }, end: TextLocation { line: 0, column: 4, offset: 4 }, text: Tendril<UTF8>(inline: " "), value: None }
Token { kind: IdentifierName, start: TextLocation { line: 0, column: 4, offset: 4 }, end: TextLocation { line: 0, column: 5, offset: 5 }, text: Tendril<UTF8>(inline: "a"), value: None }
Token { kind: Whitespace, start: TextLocation { line: 0, column: 5, offset: 5 }, end: TextLocation { line: 0, column: 6, offset: 6 }, text: Tendril<UTF8>(inline: " "), value: None }
Token { kind: Punctuator, start: TextLocation { line: 0, column: 6, offset: 6 }, end: TextLocation { line: 0, column: 7, offset: 7 }, text: Tendril<UTF8>(inline: "*"), value: None }
Token { kind: Whitespace, start: TextLocation { line: 0, column: 7, offset: 7 }, end: TextLocation { line: 0, column: 8, offset: 8 }, text: Tendril<UTF8>(inline: " "), value: None }
Token { kind: Literal, start: TextLocation { line: 0, column: 8, offset: 8 }, end: TextLocation { line: 0, column: 9, offset: 9 }, text: Tendril<UTF8>(inline: "2"), value: Integer(2) }
Token { kind: Whitespace, start: TextLocation { line: 0, column: 9, offset: 9 }, end: TextLocation { line: 0, column: 10, offset: 10 }, text: Tendril<UTF8>(inline: " "), value: None }
Token { kind: Punctuator, start: TextLocation { line: 0, column: 10, offset: 10 }, end: TextLocation { line: 0, column: 11, offset: 11 }, text: Tendril<UTF8>(inline: "/"), value: None }
Token { kind: Whitespace, start: TextLocation { line: 0, column: 11, offset: 11 }, end: TextLocation { line: 0, column: 12, offset: 12 }, text: Tendril<UTF8>(inline: " "), value: None }
Token { kind: IdentifierName, start: TextLocation { line: 0, column: 12, offset: 12 }, end: TextLocation { line: 0, column: 13, offset: 13 }, text: Tendril<UTF8>(inline: "c"), value: None }
Token { kind: Whitespace, start: TextLocation { line: 0, column: 13, offset: 13 }, end: TextLocation { line: 0, column: 14, offset: 14 }, text: Tendril<UTF8>(inline: " "), value: None }
Token { kind: Punctuator, start: TextLocation { line: 0, column: 14, offset: 14 }, end: TextLocation { line: 0, column: 15, offset: 15 }, text: Tendril<UTF8>(inline: "%"), value: None }
Token { kind: Whitespace, start: TextLocation { line: 0, column: 15, offset: 15 }, end: TextLocation { line: 0, column: 16, offset: 16 }, text: Tendril<UTF8>(inline: " "), value: None }
Token { kind: Literal, start: TextLocation { line: 0, column: 16, offset: 16 }, end: TextLocation { line: 0, column: 17, offset: 17 }, text: Tendril<UTF8>(inline: "3"), value: Integer(3) }
Token { kind: Whitespace, start: TextLocation { line: 0, column: 17, offset: 17 }, end: TextLocation { line: 0, column: 18, offset: 18 }, text: Tendril<UTF8>(inline: " "), value: None }
Token { kind: Punctuator, start: TextLocation { line: 0, column: 18, offset: 18 }, end: TextLocation { line: 0, column: 19, offset: 19 }, text: Tendril<UTF8>(inline: "&"), value: None }
Token { kind: Whitespace, start: TextLocation { line: 0, column: 19, offset: 19 }, end: TextLocation { line: 0, column: 20, offset: 20 }, text: Tendril<UTF8>(inline: " "), value: None }
Token { kind: Literal, start: TextLocation { line: 0, column: 20, offset: 20 }, end: TextLocation { line: 0, column: 21, offset: 21 }, text: Tendril<UTF8>(inline: "4"), value: Integer(4) }
Token { kind: Newline, start: TextLocation { line: 0, column: 21, offset: 21 }, end: TextLocation { line: 1, column: 0, offset: 22 }, text: Tendril<UTF8>(inline: "\n"), value: None }